[tool] read({"path": "/home/wutao/hearth-tui-new/src/main.rs", "offset": 505, "limit": 30})
[tool] ← read（0.0s，1241 字符）
[tool] edit({"path": "/home/wutao/hearth-tui-new/src/main.rs", "old": "                    if i == 0 {\n                        convo_lines.push(Line::from(vec![\n         )
[tool] ← edit（0.0s，82 字符）
[tool] bash({"command": "cd /home/wutao/hearth-tui-new && md5sum src/main.rs && wc -l src/main.rs"})
[tool] ← bash（0.0s，75 字符）
[tool] bash({"command": "cd /home/wutao/hearth-tui-new\nexport PATH=$HOME/.cargo/bin:$PATH\n\n# Write evidence: md5 before/after + diff (code-change portion)\necho \"=== po)
[tool] ← bash（1.1s，57 字符）
[tool] bash({"command": "cd /home/wutao/hearth-tui-new && grep -A5 \"a: cargo build\" evidence-polish4.log"})
[tool] ← bash（0.0s，222 字符）
[tool] bash({"command": "cd /home/wutao/hearth-tui-new\nexport PATH=$HOME/.cargo/bin:$PATH\n\ntmux kill-session -t tp4a 2>/dev/null\ntmux new-session -d -s tp4a -x 100 -y 2)
[tool] ← bash（47.1s，2330 字符）
[tool] bash({"command": "cd /home/wutao/hearth-tui-new\n\n# 1) Hex-dump the 任务总结 line to verify actual bytes\ngrep '任务总结' /tmp/tp4-screen.txt | head -1 | od -c | head -4\n\)
[tool] ← bash（1.1s，397 字符）
[tool] bash({"command": "cd /home/wutao/hearth-tui-new\n# xxd the 任务总结 line to see exact bytes\ngrep '任务总结' /tmp/tp4-screen.txt | head -1 | xxd | head -3\n\n# Also check: w)
[tool] ← bash（0.0s，394 字符）
[tool] bash({"command": "cd /home/wutao/hearth-tui-new\npython3 -c \"\ndata = open('/tmp/tp4-screen.txt','rb').read().decode('utf-8')\ndot_pat  = '\\u2502\\u00b7 \\u2550'\n)
[tool] ← bash（0.0s，132 字符）
[tool] bash({"command": "cd /home/wutao/hearth-tui-new\nexport PATH=$HOME/.cargo/bin:$PATH\n\n# Append full evidence to evidence-polish4.log (log file may not exist yet)\n#)
[tool] ← bash（0.1s，53 字符）
[tool] read({"path": "/home/wutao/hearth-tui-new/evidence-polish4.log"})
[tool] ← read（0.0s，5169 字符）
