[tool] read({"path": "/home/wutao/hearth-tui-new/src/main.rs", "limit": 100, "offset": 1})
[tool] ← read（0.0s，3316 字符）
[tool] bash({"command": "cd /home/wutao/hearth-tui-new && md5sum src/main.rs && wc -l src/main.rs && ls -la src/main.rs.bak-before-polish3_20260913-034500 2>/dev/null || ec)
[tool] ← bash（0.0s，92 字符）
[tool] read({"path": "/home/wutao/hearth-tui-new/src/main.rs", "limit": 150, "offset": 100})
[tool] ← read（0.0s，5761 字符）
[tool] read({"limit": 150, "offset": 249, "path": "/home/wutao/hearth-tui-new/src/main.rs"})
[tool] ← read（0.0s，6740 字符）
[tool] read({"path": "/home/wutao/hearth-tui-new/src/main.rs", "offset": 398, "limit": 190})
[tool] ← read（0.0s，7359 字符）
[tool] bash({"command": "cd /home/wutao/hearth-tui-new && ls -la src/main.rs.bak-before-polish3* 2>/dev/null; echo \"---\"; ls -la evidence-polish3.log run-polish3.log trac)
[tool] ← bash（0.0s，251 字符）
[tool] read({"limit": 50, "offset": 185, "path": "/home/wutao/hearth-tui-new/src/main.rs"})
[tool] ← read（0.0s，2437 字符）
[tool] bash({"command": "cd /home/wutao/hearth-tui-new && ls -la *.png *.txt *.log 2>/dev/null | head -30; echo \"=== tmux ===\"; tmux list-sessions 2>/dev/null || echo \"n)
[tool] ← bash（0.1s，1940 字符）
[retry] 请求失败（第 1 次）: The read operation timed out — 等待 2s 后重试…
[retry] 请求失败（第 2 次）: The read operation timed out — 等待 4s 后重试…
[tool] read({"limit": 30, "offset": 228, "path": "/home/wutao/hearth-tui-new/src/main.rs"})
[tool] ← read（0.0s，808 字符）
[retry] 请求失败（第 1 次）: The read operation timed out — 等待 2s 后重试…
[retry] 请求失败（第 2 次）: The read operation timed out — 等待 4s 后重试…
[tool] bash({"command": "cd /home/wutao/hearth-tui-new && ls -la target/release/hearth-tui 2>/dev/null && echo \"---exists---\" || echo \"---no binary, need to build---\""})
[tool] ← bash（0.0s，98 字符）
[retry] 请求失败（第 1 次）: The read operation timed out — 等待 2s 后重试…
[tool] bash({"command": "cd /home/wutao/hearth-tui-new && cat >> evidence-polish3.log << 'EVIDENCE'\n=== polish3 evidence (append-only) ===\n[INIT] base md5: 620ee919af509e)
[tool] ← bash（0.0s，35 字符）
[tool] bash({"command": "cd /home/wutao/hearth-tui-new\nexport PATH=$HOME/.cargo/bin:$PATH\n# Clean up any stale pl3 sessions\ntmux kill-session -t pl3r 2>/dev/null\ntmux k)
[tool] ← bash（9.8s，2607 字符）
[tool] bash({"command": "cd /home/wutao/hearth-tui-new && cat >> evidence-polish3.log << 'EV'\n[R-RED] 2026-09-13 tmux pl3r 100x24\n[R-RED] sent \"3+4=?\", done at ~7s\n[R-)
[tool] ← bash（0.0s，35 字符）
[retry] 请求失败（第 1 次）: 网络不可达: _ssl.c:983: The handshake operation timed out — 等待 2s 后重试…
[tool] edit({"path": "/home/wutao/hearth-tui-new/src/main.rs", "old": "/// Spawn `hearth <args>` (chat / resume) in a background thread; stream\n/// stdout/stderr lines to )
[tool] ← edit（0.0s，82 字符）
[tool] edit({"new": "    let mut in_summary_block = false; // Fix6: tracks whether we're inside a ═══-delimited 任务总结 block\n    let mut did_auto_scroll = false;  // T1 poli)
[tool] ← edit（0.0s，82 字符）
[tool] edit({"new": "        if got_msg && pinned_bottom {\n            scroll_offset = 0;\n        }\n        // T1 (polish3): on a real turn's Done, bring the first answe)
[tool] ← edit（0.0s，82 字符）
[tool] edit({"old": "    let mut did_auto_scroll = false;  // T1 polish3: one-shot auto-scroll to answer on Done", "path": "/home/wutao/hearth-tui-new/src/main.rs", "new": )
[tool] ← edit（0.0s，82 字符）
[tool] edit({"new": "                Ok(UiMsg::Done(s)) => {\n                    running = false;\n                    last_secs = Some(s);\n                    session_uu)
[tool] ← edit（0.0s，278 字符）
[tool] edit({"old": "                Ok(UiMsg::Done(s)) => {\n                    running = false;\n                    last_secs = Some(s);\n                    session_uu)
[tool] ← edit（0.0s，82 字符）
[tool] bash({"command": "cd /home/wutao/hearth-tui-new && grep -n \"Done\" src/main.rs | head -20"})
[tool] ← bash（0.0s，662 字符）
[tool] read({"limit": 40, "offset": 245, "path": "/home/wutao/hearth-tui-new/src/main.rs"})
[tool] ← read（0.0s，1688 字符）
[tool] edit({"new": "                Ok(UiMsg::Err(l)) if !l.is_empty() => {\n                    convo.push((Kind::Proc, l));\n                    got_msg = true;\n       )
[tool] ← edit（0.0s，82 字符）
[tool] edit({"old": "        if pending_auto_scroll && !running {\n            pending_auto_scroll = false;\n            if let Some(aidx) = find_answer_rendered_index(&con)
[tool] ← edit（0.0s，82 字符）
[tool] read({"limit": 15, "offset": 214, "path": "/home/wutao/hearth-tui-new/src/main.rs"})
[tool] ← read（0.0s，883 字符）
[tool] edit({"new": "                    // T3 (polish3): explicit open/close pairing instead of odd/even toggle.\n                    //  Opening marker: ═══ line containi)
[tool] ← edit（0.0s，82 字符）
[tool] read({"limit": 50, "offset": 415, "path": "/home/wutao/hearth-tui-new/src/main.rs"})
[tool] ← read（0.0s，1328 字符）
[tool] read({"limit": 50, "offset": 485, "path": "/home/wutao/hearth-tui-new/src/main.rs"})
[tool] ← read（0.0s，2220 字符）
