=== LONGRUN-B50-ACCEPTANCE START 08:33:30 ===
🔒 landlock+seccomp (fail-closed)  (session 15cfced1)
  🤖 非交互模式（stdin 非 tty）——破坏性操作触发审批时将立即结构化拒绝（approval_denied_noninteractive）

> 创建一个 Rust 库项目 mathlib/，按以下顺序严格执行：
1) 用 bash 执行 mkdir -p mathlib/src
2) 用 write_file 创建 mathlib/Cargo.toml（[package] name=mathlib version=0.1.0 edition=2021）
3) 用 write_file 创建 mathlib/src/lib.rs，其中 pub fn add(a:i64,b:i64)->i64 { a + b + 1 }（故意留一个 bug）
4) 用 bash 执行 cargo test --manifest-path mathlib/Cargo.toml —— 这次测试会失败（受控失败），记录失败输出
5) 用 write_file 修复 mathlib/src/lib.rs（改为 a + b）
6) 用 bash 再执行 cargo test --manifest-path mathlib/Cargo.toml 确认通过
7) 用 write_file 创建 RESULT.txt，内容写 LONGRUN_TEST_PASSED
8) 用 bash 执行 cat RESULT.txt 确认

  🎯 任务目标已锚定（original_goal 持久化）
◆ Init
  ▸ span [plan] 2026-08-30T00:33:30.148027113+00:00
◆ Plan
┌─ 🗺 规划草案（steps=8 gaps=0 待问=0 自动假设=0）
   · 用 bash 执行 mkdir -p mathlib/src [Pending]
   · 用 write_file 创建 mathlib/Cargo.toml，内容包含 [package] name=mathlib version=0.1.0 edition=2021 [Pending]
   · 用 write_file 创建 mathlib/src/lib.rs，内容包含 pub fn add(a:i64,b:i64)->i64 { a + b + 1 }（故意留 bug） [Pending]
   · 用 bash 执行 cargo test --manifest-path mathlib/Cargo.toml，记录失败输出 [Pending]
   · 用 write_file 修复 mathlib/src/lib.rs，将 add 函数改为 a + b [Pending]
   · 用 bash 再执行 cargo test --manifest-path mathlib/Cargo.toml 确认测试通过 [Pending]
   · 用 write_file 创建 RESULT.txt，内容写 LONGRUN_TEST_PASSED [Pending]
   · 用 bash 执行 cat RESULT.txt 确认内容 [Pending]
└─
  ◂ span 耗时 19880ms
💭 [plan] 正在规划任务分解

⚙ bash → cmd: mkdir -p mathlib/src

⚙ write_file → path: mathlib/Cargo.toml

⚙ write_file → path: mathlib/src/lib.rs
  ▸ span [act] 2026-08-30T00:33:50.028458442+00:00
◆ Act
[2m2026-08-30T00:33:50.047808Z[0m [33m WARN[0m [2magent_core::r#loop[0m[2m:[0m write target mismatch with user-mentioned files [3mmentioned[0m[2m=[0m["result.txt"] [3mtool[0m[2m=[0mwrite_file [3mtarget[0m[2m=[0mmathlib/Cargo.toml
[2m2026-08-30T00:33:50.047867Z[0m [33m WARN[0m [2magent_core::r#loop[0m[2m:[0m write target mismatch with user-mentioned files [3mmentioned[0m[2m=[0m["result.txt"] [3mtool[0m[2m=[0mwrite_file [3mtarget[0m[2m=[0mmathlib/src/lib.rs
  ◂ span 耗时 20ms
💭 [act] 正在执行工具调用
💭 [Act] [写前目标校验] 用户消息提到文件 result.txt，但本次 write_file 目标为 mathlib/Cargo.toml——若非有意为之请核对写入路径
💭 [Act] [写前目标校验] 用户消息提到文件 result.txt，但本次 write_file 目标为 mathlib/src/lib.rs——若非有意为之请核对写入路径
  ✓ ""
  ✓ "wrote 62 bytes to /tmp/node07/mathlib/Cargo.toml"
📄 产物 file: mathlib/Cargo.toml（+4 行）
  ✓ "wrote 171 bytes to /tmp/node07/mathlib/src/lib.rs\n[lint-hint] 已编辑 Rust 文件——建议立即验证: bash(\"cargo fmt 2>&1 | head -5 && cargo clippy 2>&1 | tail -20\")。格式/告警清零后再交。"
📄 产物 file: mathlib/Cargo.toml（+4 行）
  ▸ span [observe] 2026-08-30T00:33:50.048592046+00:00
◆ Observe
  ◂ span 耗时 0ms
💭 [observe] 正在观察结果
  ▸ span [reflect] 2026-08-30T00:33:50.048642646+00:00
◆ Reflect
  continue
  ◂ span 耗时 1063ms
💭 [reflect] 正在反思进度
  ▸ span [plan] 2026-08-30T00:33:51.112047478+00:00
◆ Plan
  ◂ span 耗时 1190ms
💭 [plan] 正在规划任务分解

⚙ bash → cmd: cargo test --manifest-path mathlib/Cargo.toml 2>&1
  ▸ span [act] 2026-08-30T00:33:52.302923337+00:00
◆ Act
[2m2026-08-30T00:33:52.826807Z[0m [31mERROR[0m [2magent_core::scheduler[0m[2m:[0m tool dispatch failed [3mtool[0m[2m=[0mbash [3merror[0m[2m=[0mexit code: 101
stdout:
   Compiling mathlib v0.1.0 (/tmp/node07/mathlib)
    Finished `test` profile [unoptimized + debuginfo] target(s) in 0.47s
     Running unittests src/lib.rs (mathlib/target/debug/deps/mathlib-20a17a74b6b24878)

running 1 test
test tests::test_add ... FAILED

failures:

---- tests::test_add stdout ----

thread 'tests::test_add' (227549) panicked at src/lib.rs:11:9:
assertion `left == right` failed
  left: 6
 right: 5
note: run with `RUST_BACKTRACE=1` environment variable to display a backtrace


failures:
    tests::test_add

test result: FAILED. 0 passed; 1 failed; 0 ignored; 0 measured; 0 filtered out; finished in 0.00s

error: test failed, to rerun pass `--lib`

stderr:

[lints] 编译错误结构化提取（read_lints）:
  1) error — test failed, to rerun pass `--lib`

  ◂ span 耗时 524ms
💭 [act] 正在执行工具调用
✗ 工具出错: exit code: 101
stdout:
   Compiling mathlib v0.1.0 (/tmp/node07/mathlib)
    Finished `test` profile [unoptimized + debuginfo] target(s) in 0.47s
     Running unittests src/lib.rs (mathlib/target/debug/deps/mathlib-20a17a74b6b24878)

running 1 test
test tests::test_add ... FAILED

failures:

---- tests::test_add stdout ----

thread 'tests::test_add' (227549) panicked at src/lib.rs:11:9:
assertion `left == right` failed
  left: 6
 right: 5
note: run with `RUST_BACKTRACE=1` environment variable to display a backtrace


failures:
    tests::test_add

test result: FAILED. 0 passed; 1 failed; 0 ignored; 0 measured; 0 filtered out; finished in 0.00s

error: test failed, to rerun pass `--lib`

stderr:

[lints] 编译错误结构化提取（read_lints）:
  1) error — test failed, to rerun pass `--lib`

  ▸ span [observe] 2026-08-30T00:33:52.827980651+00:00
◆ Observe
  ◂ span 耗时 0ms
💭 [observe] 正在观察结果
  ▸ span [reflect] 2026-08-30T00:33:52.828036452+00:00
◆ Reflect
  continue
  ◂ span 耗时 1039ms
💭 [reflect] 正在反思进度
  ▸ span [plan] 2026-08-30T00:33:53.867933278+00:00
◆ Plan
  ◂ span 耗时 1940ms
💭 [plan] 正在规划任务分解

⚙ write_file → path: mathlib/src/lib.rs

⚙ bash → cmd: cargo test --manifest-path mathlib/Cargo.toml 2>&1
  ▸ span [act] 2026-08-30T00:33:55.808093800+00:00
◆ Act
[2m2026-08-30T00:33:56.231182Z[0m [33m WARN[0m [2magent_core::r#loop[0m[2m:[0m write target mismatch with user-mentioned files [3mmentioned[0m[2m=[0m["result.txt"] [3mtool[0m[2m=[0mwrite_file [3mtarget[0m[2m=[0mmathlib/src/lib.rs
  ◂ span 耗时 423ms
💭 [act] 正在执行工具调用
💭 [Act] [写前目标校验] 用户消息提到文件 result.txt，但本次 write_file 目标为 mathlib/src/lib.rs——若非有意为之请核对写入路径
  ✓ "wrote 167 bytes to /tmp/node07/mathlib/src/lib.rs\n[lint-hint] 已编辑 Rust 文件——建议立即验证: bash(\"cargo fmt 2>&1 | head -5 && cargo clippy 2>&1 | tail -20\")。格式/告警清零后再交。"
📄 产物 file: mathlib/src/lib.rs（+13 行）
  ✓ "   Compiling mathlib v0.1.0 (/tmp/node07/mathlib)\n    Finished `test` profile [unoptimized + debuginfo] target(s) in 0.30s\n     Running unittests src/lib.rs (mathlib/target/debug/deps/mathlib-20a17…
  ▸ span [observe] 2026-08-30T00:33:56.232119593+00:00
◆ Observe
  ◂ span 耗时 0ms
💭 [observe] 正在观察结果
  ▸ span [reflect] 2026-08-30T00:33:56.232202593+00:00
◆ Reflect
  continue
  ◂ span 耗时 2270ms
💭 [reflect] 正在反思进度
  ▸ span [plan] 2026-08-30T00:33:58.502699687+00:00
◆ Plan
  ◂ span 耗时 1497ms
💭 [plan] 正在规划任务分解

⚙ write_file → path: RESULT.txt

⚙ bash → cmd: cat RESULT.txt
  ▸ span [act] 2026-08-30T00:34:00.000707713+00:00
◆ Act
  ◂ span 耗时 20ms
💭 [act] 正在执行工具调用
  ✓ "wrote 19 bytes to /tmp/node07/RESULT.txt"
📄 产物 file: RESULT.txt（+1 行）
  ✓ "LONGRUN_TEST_PASSED"
  ▸ span [observe] 2026-08-30T00:34:00.021030518+00:00
◆ Observe
  ◂ span 耗时 0ms
💭 [observe] 正在观察结果
  ▸ span [reflect] 2026-08-30T00:34:00.021097818+00:00
◆ Reflect
  continue
  ◂ span 耗时 6900ms
💭 [reflect] 正在反思进度
  ▸ span [plan] 2026-08-30T00:34:06.921151120+00:00
◆ Plan
[2m2026-08-30T00:34:10.386712Z[0m [33m WARN[0m [2magent_core::r#loop[0m[2m:[0m W3 completion fact-check rejected Done [3mreason[0m[2m=[0martifacts ["mathlib/Cargo.toml", "mathlib/Cargo.toml", "mathlib/src/lib.rs", "RESULT.txt"] unrelated to goal-mentioned files ["result.txt"]
  ◂ span 耗时 3465ms
💭 [plan] 正在规划任务分解
All steps completed successfully. Here's a summary:

1. ✅ Created `mathlib/src` directory
2. ✅ Created `mathlib/Cargo.toml` with `[package] name="mathlib" version="0.1.0" edition="2021"`
3. ✅ Created `mathlib/src/lib.rs` with buggy `add` function (`a + b + 1`)
4. ✅ Ran test — FAILED as expected: `left: 6, right: 5` (the bug caused add(2,3) to return 6 instead of 5)
5. ✅ Fixed `lib.rs` to use `a + b`
6. ✅ Ran test — PASSED: `test result: ok. 1 passed; 0 failed`
7. ✅ Created `RESULT.txt` with content `LONGRUN_TEST_PASSED`
8. ✅ Confirmed: `cat RESULT.txt` outputs `LONGRUN_TEST_PASSED`  ▸ span [plan] 2026-08-30T00:34:10.386917175+00:00
◆ Plan
  ◂ span 耗时 1865ms
💭 [plan] 正在规划任务分解

⚙ bash → cmd: ls -la RESULT.txt 2>&1 && echo \"---\" && cat RESULT.txt 2>&1

⚙ bash → cmd: ls -la mathlib/ mathlib/src/ 2>&1
  ▸ span [act] 2026-08-30T00:34:12.252191781+00:00
◆ Act
[2m2026-08-30T00:34:12.295271Z[0m [33m WARN[0m [2mplanner[0m[2m:[0m Replanning: 5 steps without progress (threshold=5), replan #1/3
  ◂ span 耗时 42ms
💭 [act] 正在执行工具调用
  ✓ "-rw-rw-r-- 1 wutao wutao 19  8月 30 08:34 RESULT.txt\n---\nLONGRUN_TEST_PASSED"
  ✓ "mathlib/:\n总计 24\ndrwxrwxr-x 4 wutao wutao 4096  8月 30 08:33 .\ndrwxrwxr-x 5 wutao wutao 4096  8月 30 08:34 ..\n-rw-rw-r-- 1 wutao wutao  151  8月 30 08:33 Cargo.lock\n-rw-rw-r-- 1 wutao wutao   62  8月…
  ▸ span [observe] 2026-08-30T00:34:12.294993991+00:00
◆ Observe
  ◂ span 耗时 0ms
💭 [observe] 正在观察结果
  ▸ span [reflect] 2026-08-30T00:34:12.295045590+00:00
◆ Reflect
[2m2026-08-30T00:34:12.412612Z[0m [33m WARN[0m [2magent_core::r#loop[0m[2m:[0m Replanning (#1): 5 steps without progress
  replan
  ◂ span 耗时 117ms
💭 [reflect] 正在反思进度
  ▸ span [plan] 2026-08-30T00:34:12.412922916+00:00
◆ Plan
[2m2026-08-30T00:34:13.280015Z[0m [33m WARN[0m [2magent_core::r#loop[0m[2m:[0m T4 semantic stall: replan produced identical TaskGraph — counting [3mstall_count[0m[2m=[0m1 [3mnodes[0m[2m=[0m8
┌─ 🗺 规划草案（steps=8 gaps=0 待问=0 自动假设=0）
   · 用 bash 执行 mkdir -p mathlib/src [Pending]
   · 用 write_file 创建 mathlib/Cargo.toml，内容包含 [package] name=mathlib version=0.1.0 edition=2021 [Pending]
   · 用 write_file 创建 mathlib/src/lib.rs，内容包含 pub fn add(a:i64,b:i64)->i64 { a + b + 1 }（故意留 bug） [Pending]
   · 用 bash 执行 cargo test --manifest-path mathlib/Cargo.toml，记录失败输出 [Pending]
   · 用 write_file 修复 mathlib/src/lib.rs，将 add 函数改为 a + b [Pending]
   · 用 bash 再执行 cargo test --manifest-path mathlib/Cargo.toml 确认测试通过 [Pending]
   · 用 write_file 创建 RESULT.txt，内容写 LONGRUN_TEST_PASSED [Pending]
   · 用 bash 执行 cat RESULT.txt 确认内容 [Pending]
└─
  ◂ span 耗时 2642ms
💭 [plan] 正在规划任务分解

⚙ introspect → 

⚙ bash → cmd: cat mathlib/Cargo.toml && echo \"=== lib.rs ===\" && cat mathlib/src/lib.rs &…

⚙ bash → cmd: cargo test --manifest-path mathlib/Cargo.toml 2>&1
  ▸ span [act] 2026-08-30T00:34:15.055592692+00:00
◆ Act
  ◂ span 耗时 157ms
💭 [act] 正在执行工具调用
  ✓ "{\n  \"budget_max_steps\": 50,\n  \"context_fill_pct\": 19,\n  \"history_chars\": 1721,\n  \"phase\": \"Init\",\n  \"provider\": \"agnes\",\n  \"steps_used\": 6,\n  \"system_chars\": 4628,\n  \"total…
  ✓ "[package]\nname = \"mathlib\"\nversion = \"0.1.0\"\nedition = \"2021\"\n=== lib.rs ===\npub fn add(a: i64, b: i64) -> i64 {\n    a + b\n}\n\n#[cfg(test)]\nmod tests {\n    use super::*;\n\n    #[test…
  ✓ "    Finished `test` profile [unoptimized + debuginfo] target(s) in 0.02s\n     Running unittests src/lib.rs (mathlib/target/debug/deps/mathlib-20a17a74b6b24878)\n\nrunning 1 test\ntest tests::test_ad…
  ▸ span [observe] 2026-08-30T00:34:15.212881626+00:00
◆ Observe
  ◂ span 耗时 0ms
💭 [observe] 正在观察结果
💭 [Observe] [budget-warn] 预算已用 50%（25/50 步）——继续推进，或评估是否需重新规划（introspect 可查上下文填充）
  ▸ span [reflect] 2026-08-30T00:34:15.212939026+00:00
◆ Reflect
  continue
  ◂ span 耗时 943ms
💭 [reflect] 正在反思进度
  ▸ span [plan] 2026-08-30T00:34:16.156221631+00:00
◆ Plan
[2m2026-08-30T00:34:18.582691Z[0m [33m WARN[0m [2magent_core::r#loop[0m[2m:[0m W3 completion fact-check rejected Done [3mreason[0m[2m=[0martifacts ["mathlib/Cargo.toml", "mathlib/Cargo.toml", "mathlib/src/lib.rs", "RESULT.txt"] unrelated to goal-mentioned files ["result.txt"]
  ◂ span 耗时 2426ms
💭 [plan] 正在规划任务分解
All steps have been completed successfully:

1. ✅ `mkdir -p mathlib/src` — directory created
2. ✅ `mathlib/Cargo.toml` — created with correct package metadata
3. ✅ `mathlib/src/lib.rs` — initially created with bug (`a + b + 1`)
4. ✅ First test run failed as expected: `left: 6, right: 5`
5. ✅ Fixed `lib.rs` to `a + b`
6. ✅ Second test run passed: `test result: ok. 1 passed; 0 failed`
7. ✅ `RESULT.txt` created with content `LONGRUN_TEST_PASSED`
8. ✅ `cat RESULT.txt` confirmed content

Current state verified:
- `mathlib/Cargo.toml` — correct
- `mathlib/src/lib.rs` — fixed, passes tests
- `RESULT.txt` — contains `LONGRUN_TEST_PASSED`
- `cargo test` — passes  ▸ span [plan] 2026-08-30T00:34:18.582888059+00:00
◆ Plan
  ◂ span 耗时 2259ms
💭 [plan] 正在规划任务分解

⚙ bash → cmd: ls -la /tmp/node07/RESULT.txt 2>&1 && cat /tmp/node07/RESULT.txt 2>&1

⚙ bash → cmd: ls -la /tmp/node07/mathlib/Cargo.toml /tmp/node07/mathlib/src/lib.rs 2>&1

⚙ bash → cmd: cat /tmp/node07/mathlib/Cargo.toml && echo \"---\" && cat /tmp/node07/mathlib…

⚙ bash → cmd: cargo test --manifest-path /tmp/node07/mathlib/Cargo.toml 2>&1
  ▸ span [act] 2026-08-30T00:34:20.842893352+00:00
◆ Act
  ◂ span 耗时 205ms
💭 [act] 正在执行工具调用
  ✓ "-rw-rw-r-- 1 wutao wutao 19  8月 30 08:34 /tmp/node07/RESULT.txt\nLONGRUN_TEST_PASSED"
  ✓ "-rw-rw-r-- 1 wutao wutao  62  8月 30 08:33 /tmp/node07/mathlib/Cargo.toml\n-rw-rw-r-- 1 wutao wutao 167  8月 30 08:33 /tmp/node07/mathlib/src/lib.rs\n"
  ✓ "[package]\nname = \"mathlib\"\nversion = \"0.1.0\"\nedition = \"2021\"\n---\npub fn add(a: i64, b: i64) -> i64 {\n    a + b\n}\n\n#[cfg(test)]\nmod tests {\n    use super::*;\n\n    #[test]\n    fn t…
  ✓ "    Finished `test` profile [unoptimized + debuginfo] target(s) in 0.02s\n     Running unittests src/lib.rs (mathlib/target/debug/deps/mathlib-20a17a74b6b24878)\n\nrunning 1 test\ntest tests::test_ad…
  ▸ span [observe] 2026-08-30T00:34:21.048331196+00:00
◆ Observe
  ◂ span 耗时 0ms
💭 [observe] 正在观察结果
  ▸ span [reflect] 2026-08-30T00:34:21.048396996+00:00
◆ Reflect
  continue
  ◂ span 耗时 1024ms
💭 [reflect] 正在反思进度
  ▸ span [plan] 2026-08-30T00:34:22.072623719+00:00
◆ Plan
[2m2026-08-30T00:34:24.361664Z[0m [33m WARN[0m [2magent_core::r#loop[0m[2m:[0m W3 completion fact-check rejected Done [3mreason[0m[2m=[0martifacts ["mathlib/Cargo.toml", "mathlib/Cargo.toml", "mathlib/src/lib.rs", "RESULT.txt"] unrelated to goal-mentioned files ["result.txt"]
  ◂ span 耗时 2289ms
💭 [plan] 正在规划任务分解
All files are confirmed present and correct:

- `/tmp/node07/mathlib/Cargo.toml` — correct package metadata
- `/tmp/node07/mathlib/src/lib.rs` — fixed `add` function (`a + b`)
- `/tmp/node07/RESULT.txt` — contains `LONGRUN_TEST_PASSED`
- `cargo test` passes: `test result: ok. 1 passed; 0 failed`

The task is complete. All steps were executed in order:
1. ✅ `mkdir -p mathlib/src`
2. ✅ Created `Cargo.toml`
3. ✅ Created `lib.rs` with bug (`a + b + 1`)
4. ✅ Test failed: `left: 6, right: 5`
5. ✅ Fixed `lib.rs` to `a + b`
6. ✅ Test passed: `test result: ok`
7. ✅ Created `RESULT.txt` with `LONGRUN_TEST_PASSED`
8. ✅ `cat RESULT.txt` confirmed  ▸ span [plan] 2026-08-30T00:34:24.361851518+00:00
◆ Plan
  ◂ span 耗时 13736ms
💭 [plan] 正在规划任务分解

⚙ bash → cmd: ls -la /tmp/node07/ 2>&1 && echo \"---\" && ls -la /tmp/node07/mathlib/ 2>&1 …

⚙ bash → cmd: cat /tmp/node07/RESULT.txt 2>&1; echo \"exit: $?\

⚙ bash → cmd: cat /tmp/node07/mathlib/Cargo.toml 2>&1; echo \"===\"; cat /tmp/node07/mathli…

⚙ bash → cmd: cargo test --manifest-path /tmp/node07/mathlib/Cargo.toml 2>&1
  ▸ span [act] 2026-08-30T00:34:38.098388909+00:00
◆ Act
  ◂ span 耗时 201ms
💭 [act] 正在执行工具调用
  ✓ "总计 124\ndrwxrwxr-x  5 wutao wutao  4096  8月 30 08:34 .\ndrwxrwxrwt 48 root  root  36864  8月 30 08:34 ..\n-rw-rw-r--  1 wutao wutao 57697  8月 30 08:34 1\ndrwxrwxr-x  3 wutao wutao  4096  8月 30 06:38 .…
  ✓ "LONGRUN_TEST_PASSEDexit: 0\n"
  ✓ "[package]\nname = \"mathlib\"\nversion = \"0.1.0\"\nedition = \"2021\"\n===\npub fn add(a: i64, b: i64) -> i64 {\n    a + b\n}\n\n#[cfg(test)]\nmod tests {\n    use super::*;\n\n    #[test]\n    fn t…
  ✓ "    Finished `test` profile [unoptimized + debuginfo] target(s) in 0.02s\n     Running unittests src/lib.rs (mathlib/target/debug/deps/mathlib-20a17a74b6b24878)\n\nrunning 1 test\ntest tests::test_ad…
  ▸ span [observe] 2026-08-30T00:34:38.299595353+00:00
◆ Observe
  ◂ span 耗时 0ms
💭 [observe] 正在观察结果
  ▸ span [reflect] 2026-08-30T00:34:38.299655653+00:00
◆ Reflect
  continue
  ◂ span 耗时 983ms
💭 [reflect] 正在反思进度
  ▸ span [plan] 2026-08-30T00:34:39.283169467+00:00
◆ Plan
  ◂ span 耗时 2208ms
💭 [plan] 正在规划任务分解

⚙ bash → cmd: ls -la /tmp/node07/mathlib/src/ 2>&1 && echo \"---\" && cat /tmp/node07/mathl…

⚙ bash → cmd: cargo test --manifest-path /tmp/node07/mathlib/Cargo.toml 2>&1
  ▸ span [act] 2026-08-30T00:34:41.491469148+00:00
◆ Act
  ◂ span 耗时 166ms
💭 [act] 正在执行工具调用
  ✓ "总计 12\ndrwxrwxr-x 2 wutao wutao 4096  8月 30 08:33 .\ndrwxrwxr-x 4 wutao wutao 4096  8月 30 08:33 ..\n-rw-rw-r-- 1 wutao wutao  167  8月 30 08:33 lib.rs\n---\n[package]\nname = \"mathlib\"\nversion = \"…
  ✓ "    Finished `test` profile [unoptimized + debuginfo] target(s) in 0.01s\n     Running unittests src/lib.rs (mathlib/target/debug/deps/mathlib-20a17a74b6b24878)\n\nrunning 1 test\ntest tests::test_ad…
  ▸ span [observe] 2026-08-30T00:34:41.658741185+00:00
◆ Observe
  ◂ span 耗时 0ms
💭 [observe] 正在观察结果
  ▸ span [reflect] 2026-08-30T00:34:41.658819985+00:00
◆ Reflect
  continue
  ◂ span 耗时 1776ms
💭 [reflect] 正在反思进度
  ▸ span [plan] 2026-08-30T00:34:43.435266472+00:00
◆ Plan
  ◂ span 耗时 10703ms
💭 [plan] 正在规划任务分解

⚙ bash → cmd: mkdir -p mathlib/src && ls -la mathlib/ mathlib/src/ 2>&1
  ▸ span [act] 2026-08-30T00:34:54.139131202+00:00
◆ Act
[2m2026-08-30T00:34:54.160380Z[0m [33m WARN[0m [2mplanner[0m[2m:[0m Giving up: budget low (14%) and 5 steps without progress
  ◂ span 耗时 20ms
💭 [act] 正在执行工具调用
  ✓ mathlib/:
总计 24
drwxrwxr-x 4 wutao wutao 4096  8月 30 08:33 .
drwxrwxr-x 5 wutao wutao 4096  8月 30 08:34 ..
-rw-rw-r-- 1 wutao wutao  151  8月 30 08:33 Cargo.lock
-rw-rw-r-- 1 wutao wutao   62  8月 30 08…
  ▸ span [observe] 2026-08-30T00:34:54.160264207+00:00
◆ Observe
  ◂ span 耗时 0ms
💭 [observe] 正在观察结果
  ▸ span [reflect] 2026-08-30T00:34:54.160335107+00:00
◆ Reflect
[2m2026-08-30T00:34:54.277837Z[0m [33m WARN[0m [2magent_core::r#loop[0m[2m:[0m REFLECT_FACT_CONFLICT: facts indicate real progress (artifacts exist, 0 errors) but Reflect decided give_up [3martifacts[0m[2m=[0m["mathlib/Cargo.toml", "mathlib/Cargo.toml", "mathlib/src/lib.rs", "RESULT.txt"] [3msteps[0m[2m=[0m43
[2m2026-08-30T00:34:54.277924Z[0m [33m WARN[0m [2magent_core::r#loop[0m[2m:[0m Giving up after 43 steps, 0 errors
  give_up
  ◂ span 耗时 117ms
💭 [reflect] 正在反思进度
✗ Done (44 steps)
  📄 执行报告: /tmp/node07/.hearth/reports/15cfced1-b0ee-4f1e-b115-3ce3baace93a/run-001.md
✗   ✗ Task failed — status=failed（44 步）——报告含已完成/剩余工作，可直接下指令继续
  📊 tokens: ↑80054 ↓1950 (calls=13)

real	1m24.158s
user	0m6.328s
sys	0m2.196s
=== END 08:34:54 ===
=== acceptance 事实核验（外部独立复跑）===
test result: ok. 0 passed; 0 failed; 0 ignored; 0 measured; 0 filtered out; finished in 0.00s

LONGRUN_TEST_PASSED