🔒 landlock+seccomp (fail-closed)  (session cf0281c2)
  🤖 非交互模式（stdin 非 tty）——破坏性操作触发审批时将立即结构化拒绝（approval_denied_noninteractive）

> 用 bash 工具执行命令: sleep 60 —— 等它完成后报告

  🎯 任务目标已锚定（original_goal 持久化）
◆ Init
  ▸ span [plan] 2026-08-29T19:52:41.961319441+00:00
◆ Plan
┌─ 🗺 规划草案（steps=1 gaps=0 待问=0 自动假设=0）
   · Run `sleep 60` in bash and wait for completion. [Pending]
└─
  ◂ span 耗时 6164ms
💭 [plan] 正在规划任务分解

⚙ bash → cmd: sleep 60
  ▸ span [act] 2026-08-29T19:52:48.126657184+00:00
◆ Act
[2m2026-08-29T19:52:56.129350Z[0m [33m WARN[0m [2msandbox::linux_impl[0m[2m:[0m LinuxSandbox: command timed out (pid 158844) — killed child and removed cgroup
[2m2026-08-29T19:52:56.129671Z[0m [31mERROR[0m [2magent_core::scheduler[0m[2m:[0m tool dispatch failed [3mtool[0m[2m=[0mbash [3merror[0m[2m=[0merror: command timed out
stdout:

stderr:
command timed out
  ◂ span 耗时 8003ms
💭 [act] 正在执行工具调用
✗ 工具出错: error: command timed out
stdout:

stderr:
command timed out
  ▸ span [observe] 2026-08-29T19:52:56.130340727+00:00
◆ Observe
  ◂ span 耗时 0ms
💭 [observe] 正在观察结果
  ▸ span [reflect] 2026-08-29T19:52:56.130387027+00:00
◆ Reflect
  replan
[2m2026-08-29T19:52:57.141527Z[0m [33m WARN[0m [2magent_core::r#loop[0m[2m:[0m Replanning (#1): 1 steps without progress
  ◂ span 耗时 1011ms
💭 [reflect] 正在反思进度
✗ deadline exceeded: 15s >= 15s（任务级 wall-clock 上限）
✗ Done (5 steps)
  📄 执行报告: /tmp/p1ltr/.hearth/reports/cf0281c2-d54e-44b6-933e-fad66837bedf/run-001.md
✗   ✗ Task failed — deadline exceeded（15s 上限，用时 15s）——可提高 HEARTH_TASK_TIMEOUT_SECS 后 resume 继续
  📊 tokens: ↑2829 ↓29 (calls=1)
