resume 本地会话 ed5d9970-2d2a-4ed2-b469-18c367476f17（2 轮历史，历史消息已恢复）
  🎯 任务目标已恢复: 第一步：创建 step1.txt，内容为 STEP1_DONE。第二步：运行 p（revision 1）

> 继续

◆ Init
  ▸ span [plan] 2026-08-29T16:30:26.031346885+00:00
◆ Plan
┌─ 🗺 规划草案（steps=4 gaps=0 待问=0 自动假设=0）
   · Review the goal and identify key aspects to address in the conversation planning [Pending]
   · Design the overall structure and flow of the conversation [Pending]
   · Identify and define specific topics or themes for the conversation [Pending]
   · Generate the JSON array of task objects based on the conversation plan [Pending]
└─
  ◂ span 耗时 3500ms
💭 [plan] 正在规划任务分解

⚙ write_file → path: step2.txt
  ▸ span [act] 2026-08-29T16:30:29.531795047+00:00
◆ Act
  ◂ span 耗时 1ms
💭 [act] 正在执行工具调用
  ✓ wrote 10 bytes to /tmp/regv2/step2.txt
📄 产物 file: step2.txt（+1 行）
  ▸ span [observe] 2026-08-29T16:30:29.533422648+00:00
◆ Observe
  ◂ span 耗时 0ms
💭 [observe] 正在观察结果
  ▸ span [reflect] 2026-08-29T16:30:29.533469748+00:00
◆ Reflect
[2m2026-08-29T16:30:43.859191Z[0m [33m WARN[0m [2magent_core::r#loop[0m[2m:[0m Replanning (#1): 0 steps without progress
  replan
  ◂ span 耗时 14325ms
💭 [reflect] 正在反思进度
  ▸ span [plan] 2026-08-29T16:30:43.859363467+00:00
◆ Plan
[2m2026-08-29T16:30:45.063153Z[0m [33m WARN[0m [2magent_core::r#loop[0m[2m:[0m Giving up after 4 steps, 0 errors
[2m2026-08-29T16:30:45.520687Z[0m [33m WARN[0m [2magent_core::r#loop[0m[2m:[0m Giving up after 4 steps, 0 errors
[2m2026-08-29T16:30:46.841993Z[0m [33m WARN[0m [2magent_core::r#loop[0m[2m:[0m T4 semantic stall: replan produced identical TaskGraph — counting [3mstall_count[0m[2m=[0m1 [3mnodes[0m[2m=[0m4
┌─ 🗺 规划草案（steps=4 gaps=0 待问=0 自动假设=0）
   · Review the goal and identify key aspects to address in the conversation planning [Pending]
   · Design the overall structure and flow of the conversation [Pending]
   · Identify and define specific topics or themes for the conversation [Pending]
   · Generate the JSON array of task objects based on the conversation plan [Pending]
└─
  ◂ span 耗时 4617ms
💭 [plan] 正在规划任务分解
所有步骤已完成：

1. **step1.txt** — 已创建，内容 `STEP1_DONE`
2. **python3 /tmp/nonexistent_module_zz.py** — 已执行（失败，如预期：`No such file or directory`）
3. **step2.txt** — 已创建，内容 `STEP2_DONE`✓ Done (6 steps)
  📄 执行报告: /tmp/regv2/.hearth/reports/ed5d9970-2d2a-4ed2-b469-18c367476f17/run-002.md
  ✓ Task completed（6 步）——目标达成，产物见报告
