🔒 landlock+seccomp (fail-closed)  (session ed5d9970)
  🤖 非交互模式（stdin 非 tty）——破坏性操作触发审批时将立即结构化拒绝（approval_denied_noninteractive）

> 第一步：创建 step1.txt，内容为 STEP1_DONE。第二步：运行 python3 /tmp/nonexistent_module_zz.py（这步会失败，照常执行不要跳过）。第三步：创建 step2.txt，内容为 STEP2_DONE。

  🎯 任务目标已锚定（original_goal 持久化）
◆ Init
  ▸ span [plan] 2026-08-29T16:29:13.380504965+00:00
◆ Plan
┌─ 🗺 规划草案（steps=3 gaps=0 待问=0 自动假设=0）
   · Create step1.txt with content STEP1_DONE [Pending]
   · Run python3 /tmp/nonexistent_module_zz.py (expect failure) [Pending]
   · Create step2.txt with content STEP2_DONE [Pending]
└─
  ◂ span 耗时 5432ms
💭 [plan] 正在规划任务分解

⚙ write_file → path: step1.txt

⚙ bash → cmd: python3 /tmp/nonexistent_module_zz.py
  ▸ span [act] 2026-08-29T16:29:18.813369049+00:00
◆ Act
  ◂ span 耗时 67ms
💭 [act] 正在执行工具调用
  ✓ "wrote 10 bytes to /tmp/regv2/step1.txt"
📄 产物 file: step1.txt（+1 行）
✗ 工具出错: "bash: exit code: 2\nstdout:\n\nstderr:\n\u001b[2m2026-08-29T16:29:18.850633Z\u001b[0m \u001b[33m WARN\u001b[0m \u001b[2msandbox::linux_impl\u001b[0m\u001b[2m:\u001b[0m LinuxSandbox: landlock_add_rule failed for '/dev/null': Invalid argument (os error 22). Rule skipped.\npython3: can't open file '/tmp/nonexistent_module_zz.py': [Errno 2] No such file or directory\n"
💭 [Observe] [budget-warn] 预算已用 50%（3/6 步）——继续推进，或评估是否需重新规划（introspect 可查上下文填充）
  ▸ span [observe] 2026-08-29T16:29:18.881431563+00:00
◆ Observe
  ◂ span 耗时 0ms
💭 [observe] 正在观察结果
  ▸ span [reflect] 2026-08-29T16:29:18.881492863+00:00
◆ Reflect
  continue
  ◂ span 耗时 4571ms
💭 [reflect] 正在反思进度
  ▸ span [plan] 2026-08-29T16:29:23.453094659+00:00
◆ Plan
  ◂ span 耗时 1394ms
💭 [plan] 正在规划任务分解

⚙ write_file → path: step2.txt

❓ 需要你确认 [budget] 预算已达上限（6 步），任务未完成——继续则延长预算，或重新评估任务方向
  1) 继续
  2) 重新评估
  你的选择:   ✓ 澄清已提交（放弃）
✗ budget exhausted
✗ Done (6 steps)
  📄 执行报告: /tmp/regv2/.hearth/reports/ed5d9970-2d2a-4ed2-b469-18c367476f17/run-001.md
✗   ✗ Task failed — budget_exhausted（6 步）——报告含已完成/剩余工作，可直接下指令继续
  📊 tokens: ↑6304 ↓119 (calls=2)
