ind /tmp/regv -type f -name \"*.rs\" -o -name \"*.toml\" 2>/dev/null | head -30

⚙ introspect → 
  ▸ span [act] 2026-08-29T11:10:10.692627245+00:00
◆ Act
  ◂ span 耗时 29ms
💭 [act] 正在执行工具调用
  ✓ "总计 112\ndrwxrwxr-x  5 wutao wutao  4096  8月 29 19:09 .\ndrwxrwxrwt 45 root  root  36864  8月 29 19:06 ..\n-rw-rw-r--  1 wutao wutao 26752  8月 29 19:10 cache_regv.jsonl\ndrwxrwxr-x  3 wutao wutao  4096…
  ✓ ""
  ✓ "{\n  \"note\": \"body state not available yet\",\n  \"workspace\": \"/tmp/regv\"\n}"
  ▸ span [observe] 2026-08-29T11:10:10.722118954+00:00
◆ Observe
  ◂ span 耗时 0ms
💭 [observe] 正在观察结果
  ▸ span [reflect] 2026-08-29T11:10:10.722197552+00:00
◆ Reflect
  continue
  ◂ span 耗时 1280ms
💭 [reflect] 正在反思进度
  ▸ span [plan] 2026-08-29T11:10:12.002710056+00:00
◆ Plan
  ◂ span 耗时 2169ms
💭 [plan] 正在规划任务分解

⚙ bash → cmd: ls -la /tmp/regv/log-aggregator/src/

⚙ read → path: /tmp/regv/log-aggregator-design.md
  ▸ span [act] 2026-08-29T11:10:14.171909825+00:00
◆ Act
  ◂ span 耗时 15ms
💭 [act] 正在执行工具调用
  ✓ "总计 20\ndrwxrwxr-x 2 wutao wutao  4096  8月 29 19:08 .\ndrwxrwxr-x 4 wutao wutao  4096  8月 29 19:08 ..\n-rw-rw-r-- 1 wutao wutao 11843  8月 29 19:08 config.rs\n"
  ✓ "# log-aggregator 详细设计文档\n\n## 概述\n\n`log-aggregator` 是一个 Rust 编写的命令行日志聚合工具，支持多源日志输入、多格式解析、灵活过滤与聚合、多种输出格式。整体架构采用模块化设计，各模块通过明确定义的数据结构和 trait 进行通信。\n\n---\n\n## 模块一：配置加载（Config Loading）\n\n### 关键数据结构\n\…
  ▸ span [observe] 2026-08-29T11:10:14.187220418+00:00
◆ Observe
  ◂ span 耗时 0ms
💭 [observe] 正在观察结果
  ▸ span [reflect] 2026-08-29T11:10:14.187457213+00:00
◆ Reflect
  continue
  ◂ span 耗时 939ms
💭 [reflect] 正在反思进度
  ▸ span [plan] 2026-08-29T11:10:15.126833262+00:00
◆ Plan
  ◂ span 耗时 1147ms
💭 [plan] 正在规划任务分解
我来创建完整的 Rust 项目结构，包含所有5个模块。首先设置 Cargo.toml，然后逐个创建源文件。  ▸ span [plan] 2026-08-29T11:10:16.275047419+00:00
◆ Plan
┌─ 🗺 规划草案（steps=2 gaps=1 待问=0 自动假设=1）
   🤖 ⚡ 假设[missing_goal_source]: 目标未标注来源，按用户直接指令执行（已假设）
   · Design the 5 modules (config loading, log parsing, filtering/aggregation, output formatting, main orchestration) with complete function signatures, key data structures, and core implementation思路 for the Rust CLI tool log-aggregator [Pending]
   · Write detailed documentation covering all 5 modules, inter-module communication, and the complete main function execution flow, ensuring at least 700 characters of content [Pending]
   ⚡ 假设[missing_goal_source]: 目标未标注来源，按用户直接指令执行（已假设） → 
└─
  ◂ span 耗时 34411ms
💭 [plan] 正在规划任务分解

⚙ bash → cmd: ls -la /tmp/regv/log-aggregator/src/ && cat /tmp/regv/log-aggregator/Cargo.to…
  ▸ span [act] 2026-08-29T11:10:50.687016150+00:00
◆ Act
  ◂ span 耗时 17ms
💭 [act] 正在执行工具调用
  ✓ 总计 20
drwxrwxr-x 2 wutao wutao  4096  8月 29 19:08 .
drwxrwxr-x 4 wutao wutao  4096  8月 29 19:08 ..
-rw-rw-r-- 1 wutao wutao 11843  8月 29 19:08 config.rs
no cargo

  ▸ span [observe] 2026-08-29T11:10:50.704400901+00:00
◆ Observe
  ◂ span 耗时 0ms
💭 [observe] 正在观察结果
  ▸ span [reflect] 2026-08-29T11:10:50.704505198+00:00
◆ Reflect
  replan
  ◂ span 耗时 83ms
💭 [reflect] 正在反思进度
  ▸ span [plan] 2026-08-29T11:10:50.788505213+00:00
◆ Plan
┌─ 🗺 规划草案（steps=2 gaps=1 待问=0 自动假设=1）
   🤖 ⚡ 假设[missing_goal_source]: 目标未标注来源，按用户直接指令执行（已假设）
   · Design the 5 modules (config loading, log parsing, filtering/aggregation, output formatting, main orchestration) with complete function signatures, key data structures, and core implementation思路 for the Rust CLI tool log-aggregator [Pending]
   · Write detailed documentation covering all 5 modules, inter-module communication, and the complete main function execution flow, ensuring at least 700 characters of content [Pending]
   ⚡ 假设[missing_goal_source]: 目标未标注来源，按用户直接指令执行（已假设） → 
└─
  ◂ span 耗时 1111ms
💭 [plan] 正在规划任务分解
✗ stalled: 2 consecutive replans produced identical TaskGraph (2 nodes) — semantic progress absent, giving up early (Tier3 T4)
✗ Done (22 steps)
任务失败——详见上方错误信息，调整后重试
  📄 执行报告: /tmp/regv/.hearth/reports/35444c8b-c664-4d40-84ff-9eb2d2dfe316/run-001.md
✗   ✗ Task failed — status=failed（22 步）——报告含已完成/剩余工作，可直接下指令继续
  📊 tokens: ↑33653 ↓467 (calls=6)
