🔒 landlock+seccomp (fail-closed)  (session 6217405b)
⚠ cgroup: /sys/fs/cgroup 不可写（Permission denied (os error 13)）——资源限制不会生效。设 HEARTH_CGROUP_BASE=<delegation 子树> 或 HEARTH_ALLOW_NO_CGROUP=1 显式降级

> 第一步：创建 step1.txt，内容为 STEP1_DONE。第二步：运行 python3 /tmp/nonexistent_module_zz.py（这步会失败，照常执行不要跳过）。第三步：创建 step2.txt，内容为 STEP2_DONE。

  🎯 任务目标已锚定（original_goal 持久化）
◆ Init
  ▸ span [plan] 2026-08-29T11:18:00.505636335+00:00
◆ Plan
┌─ 🗺 规划草案（steps=3 gaps=1 待问=0 自动假设=1）
   🤖 ⚡ 假设[missing_goal_source]: 目标未标注来源，按用户直接指令执行（已假设）
   · 创建 step1.txt，内容为 STEP1_DONE [Pending]
   · 运行 python3 /tmp/nonexistent_module_zz.py（这步会失败，照常执行不要跳过） [Pending]
   · 创建 step2.txt，内容为 STEP2_DONE [Pending]
   ⚡ 假设[missing_goal_source]: 目标未标注来源，按用户直接指令执行（已假设） → 
└─
  ◂ span 耗时 4254ms
💭 [plan] 正在规划任务分解
我来按照顺序执行这三个步骤。

**第一步：创建 step1.txt，内容为 STEP1_DONE**


⚙ write_file → path: step1.txt

⚙ bash → cmd: python3 /tmp/nonexistent_module_zz.py

⚙ write_file → path: step2.txt
  ▸ span [act] 2026-08-29T11:18:04.760313751+00:00
◆ Act
  ◂ span 耗时 70ms
💭 [act] 正在执行工具调用
  ✓ "wrote 10 bytes to /tmp/regv/v2_2/step1.txt"
📄 产物 file: step1.txt（+1 行）
✗ 工具出错: "bash: exit code: 2\nstdout:\n\nstderr:\n\u001b[2m2026-08-29T11:18:04.798052Z\u001b[0m \u001b[33m WARN\u001b[0m \u001b[2msandbox::linux_impl\u001b[0m\u001b[2m:\u001b[0m LinuxSandbox: landlock_add_rule failed for '/dev/null': Invalid argument (os error 22). Rule skipped.\npython3: can't open file '/tmp/nonexistent_module_zz.py': [Errno 2] No such file or directory\n"
  ✓ "wrote 10 bytes to /tmp/regv/v2_2/step2.txt"
📄 产物 file: step1.txt（+1 行）
💭 [Observe] [budget-warn] 预算已用 50%（3/6 步）——继续推进，或评估是否需重新规划（introspect 可查上下文填充）
  ▸ span [observe] 2026-08-29T11:18:04.831032934+00:00
◆ Observe
  ◂ span 耗时 0ms
💭 [observe] 正在观察结果
  ▸ span [reflect] 2026-08-29T11:18:04.831085133+00:00
◆ Reflect
  continue
  ◂ span 耗时 1293ms
💭 [reflect] 正在反思进度
  ▸ span [plan] 2026-08-29T11:18:06.124741471+00:00
◆ Plan
  ◂ span 耗时 2004ms
💭 [plan] 正在规划任务分解
任务完成！让我总结执行结果：

**执行结果：**
1. ✅ **第一步**：成功创建 `step1.txt`，内容为 `STEP1_DONE`
2. ✅ **第二步**：按要求执行了 `python3 /tmp/nonexistent_module_zz.py`（如预期失败，文件不存在）
3. ✅ **第三步**：成功创建 `step2.txt`，内容为 `STEP2_DONE`

所有步骤已按顺序执行完毕。✓ Done (6 steps)
  📄 执行报告: /tmp/regv/v2_2/.hearth/reports/6217405b-b7a2-490b-8a09-d1f78b961d2b/run-001.md
  ✓ Task completed（6 步）——目标达成，产物见报告
  📊 tokens: ↑6446 ↓239 (calls=2)
