🔒 landlock+seccomp (fail-closed)  (session 7147034d)
  🤖 非交互模式（stdin 非 tty）——破坏性操作触发审批时将立即结构化拒绝（approval_denied_noninteractive）

> 给当前目录写一个 README.md，介绍目录内容。不要修改任何现有文件。

  🎯 任务目标已锚定（original_goal 持久化）
◆ Init
  ▸ span [plan] 2026-08-29T15:19:21.885594248+00:00
◆ Plan
┌─ 🗺 规划草案（steps=2 gaps=0 待问=0 自动假设=0）
   · List files and examine directory structure to understand contents [Pending]
   · Write README.md with directory introduction based on findings [Pending]
└─
  ◂ span 耗时 3982ms
💭 [plan] 正在规划任务分解

⚙ bash → cmd: ls -la
  ▸ span [act] 2026-08-29T15:19:25.867962615+00:00
◆ Act
  ◂ span 耗时 24ms
💭 [act] 正在执行工具调用
  ✓ 总计 1676
drwxrwxrwt 29 root  root    36864  8月 29 23:16 .
drwxr-xr-x 23 root  root     4096  8月 21 22:17 ..
-rw-rw-r--  1 wutao wutao     444  8月 29 00:45 ag2.json
-rw-rw-r--  1 wutao wutao     118  8月…
  ▸ span [observe] 2026-08-29T15:19:25.892246420+00:00
◆ Observe
  ◂ span 耗时 0ms
💭 [observe] 正在观察结果
  ▸ span [reflect] 2026-08-29T15:19:25.892317220+00:00
◆ Reflect
  continue
  ◂ span 耗时 1187ms
💭 [reflect] 正在反思进度
  ▸ span [plan] 2026-08-29T15:19:27.080112979+00:00
◆ Plan
  ◂ span 耗时 12088ms
💭 [plan] 正在规划任务分解

⚙ bash → cmd: find . -maxdepth 3 -type f \\( -name \"*.py\" -o -name \"*.c\" -o -name \"*.j…

⚙ bash → cmd: ls -la .hearth/ 2>/dev/null; echo \"---\"; ls -la results/ 2>/dev/null; echo …
  ▸ span [act] 2026-08-29T15:19:39.168588911+00:00
◆ Act
  ◂ span 耗时 1278ms
💭 [act] 正在执行工具调用
  ✓ "./w8_regress_ok.txt\n./rc24_evidence.tgz\n./rc24_repl_pty.py\n./wf_big.json\n./w8_acc_PRODUCT_regress.log\n./h_verify.js\n./w8_acc_V1_B05.log\n./probe_ie.log\n./ll_reg_file.txt\n./w8_acc_V1_B02.log\n…
  ✓ "---\n---\nwf-readyz-109261/:\nwf-readyz-110655/:\nwf-readyz-17694/:\nwf-readyz-18698/:\nwf-readyz-30794/:\nwf-readyz-87458/:\nwf-readyz-94038/:\n"
  ▸ span [observe] 2026-08-29T15:19:40.446761489+00:00
◆ Observe
  ◂ span 耗时 0ms
💭 [observe] 正在观察结果
  ▸ span [reflect] 2026-08-29T15:19:40.446811089+00:00
◆ Reflect
  continue
  ◂ span 耗时 1770ms
💭 [reflect] 正在反思进度
  ▸ span [plan] 2026-08-29T15:19:42.217288775+00:00
◆ Plan
  ◂ span 耗时 1861ms
💭 [plan] 正在规划任务分解

⚙ bash → cmd: cat w8_acceptance.py; echo \"===\"; cat ll_diag.c; echo \"===\"; head -50 rc2…

⚙ bash → cmd: for d in .hearth results wf-readyz-*/; do echo \"=== $d ===\"; ls -la \"$d\" …
  ▸ span [act] 2026-08-29T15:19:44.078704680+00:00
◆ Act
  ◂ span 耗时 79ms
💭 [act] 正在执行工具调用
  ✓ "#!/usr/bin/env python3\n\"\"\"W8 真机验收批量脚本：V-1 十论述复跑 + product 回归对照（.133）。\n原 prompt 逐字（regv-20260829 基线 / EC-03 T3），口径同前：HEARTH_ALLOW_NO_CGROUP=1 + Agnes。\"\"\"\nimport re, sys, time, paramiko\n\nHOS…
  ✓ "=== .hearth ===\n=== results ===\n=== wf-readyz-109261/ ===\n=== wf-readyz-110655/ ===\n=== wf-readyz-17694/ ===\n=== wf-readyz-18698/ ===\n=== wf-readyz-30794/ ===\n=== wf-readyz-87458/ ===\n=== wf-…
  ▸ span [observe] 2026-08-29T15:19:44.158494297+00:00
◆ Observe
  ◂ span 耗时 0ms
💭 [observe] 正在观察结果
  ▸ span [reflect] 2026-08-29T15:19:44.158629798+00:00
◆ Reflect
[2m2026-08-29T15:19:45.240545Z[0m [33m WARN[0m [2magent_core::r#loop[0m[2m:[0m Replanning (#1): 3 steps without progress
  replan
  ◂ span 耗时 1082ms
💭 [reflect] 正在反思进度
  ▸ span [plan] 2026-08-29T15:19:45.240669133+00:00
◆ Plan
[2m2026-08-29T15:19:47.583626Z[0m [33m WARN[0m [2magent_core::r#loop[0m[2m:[0m T4 semantic stall: replan produced identical TaskGraph — counting [3mstall_count[0m[2m=[0m1 [3mnodes[0m[2m=[0m2
┌─ 🗺 规划草案（steps=2 gaps=0 待问=0 自动假设=0）
   · List files and examine directory structure to understand contents [Pending]
   · Write README.md with directory introduction based on findings [Pending]
└─
  ◂ span 耗时 10770ms
💭 [plan] 正在规划任务分解

⚙ bash → cmd: ls -la .hearth/ results/ 2>/dev/null; echo \"===\"; for d in wf-readyz-*/; do…

⚙ bash → cmd: cat ds.json ag2.json ag_bashrc-key.json ag_memory-key.json 2>/dev/null

⚙ bash → cmd: cat ll_diag.c | head -80
  ▸ span [act] 2026-08-29T15:19:56.011238378+00:00
◆ Act
  ◂ span 耗时 105ms
💭 [act] 正在执行工具调用
✗ 工具出错: "bash: exit code: 1\nstdout:\n===\nwf-readyz-109261/:\nwf-readyz-110655/:\nwf-readyz-17694/:\nwf-readyz-18698/:\nwf-readyz-30794/:\nwf-readyz-87458/:\nwf-readyz-94038/:\n\nstderr:\n\u001b[2m2026-08-29T15:19:56.042718Z\u001b[0m \u001b[33m WARN\u001b[0m \u001b[2msandbox::linux_impl\u001b[0m\u001b[2m:\u001b[0m LinuxSandbox: landlock_add_rule failed for '/dev/null': Invalid argument (os error 22). Rule skipped.\nbash: 行 1: /dev/null: 权限不够\nbash: 行 1: /dev/null: 权限不够\nbash: 行 1: /dev/null: 权限不够\nbash: 行 1: /dev/null: 权限不够\nbash: 行 1: /dev/null: 权限不够\nbash: 行 1: /dev/null: 权限不够\nbash: 行 1: /dev/null: 权限不够\nbash: 行 1: /dev/null: 权限不够\n"
✗ 工具出错: "bash: exit code: 1\nstdout:\n\nstderr:\n\u001b[2m2026-08-29T15:19:56.094128Z\u001b[0m \u001b[33m WARN\u001b[0m \u001b[2msandbox::linux_impl\u001b[0m\u001b[2m:\u001b[0m LinuxSandbox: landlock_add_rule failed for '/dev/null': Invalid argument (os error 22). Rule skipped.\nbash: 行 1: /dev/null: 权限不够\n"
  ✓ "// N-1 诊断实测：landlock PATH_BENEATH 对 /dev/null 的 EINVAL 根因矩阵\n// C1: /dev/null + FS_RW(全)            -> 真机已证 EINVAL\n// C2: /dev/null + 纯文件权限            -> 分辨\"目录权限混杂\"vs\"char device 类型\"\n// C3: 常规文…
  ▸ span [observe] 2026-08-29T15:19:56.116761401+00:00
◆ Observe
  ◂ span 耗时 0ms
💭 [observe] 正在观察结果
  ▸ span [reflect] 2026-08-29T15:19:56.116828902+00:00
◆ Reflect
[2m2026-08-29T15:19:57.135422Z[0m [33m WARN[0m [2magent_core::r#loop[0m[2m:[0m Replanning (#2): 1 steps without progress
  replan
  ◂ span 耗时 1019ms
💭 [reflect] 正在反思进度
  ▸ span [plan] 2026-08-29T15:19:57.136428823+00:00
◆ Plan
[2m2026-08-29T15:19:57.977362Z[0m [33m WARN[0m [2magent_core::r#loop[0m[2m:[0m T4 semantic stall: replan produced identical TaskGraph — counting [3mstall_count[0m[2m=[0m2 [3mnodes[0m[2m=[0m2
[2m2026-08-29T15:19:57.977452Z[0m [31mERROR[0m [2magent_core::r#loop[0m[2m:[0m do_plan_inner failed [3merror[0m[2m=[0mstalled: 2 consecutive replans produced identical TaskGraph (2 nodes) — semantic progress absent, giving up early (Tier3 T4)
┌─ 🗺 规划草案（steps=2 gaps=0 待问=0 自动假设=0）
   · List files and examine directory structure to understand contents [Pending]
   · Write README.md with directory introduction based on findings [Pending]
└─
  ◂ span 耗时 841ms
💭 [plan] 正在规划任务分解
✗ stalled: 2 consecutive replans produced identical TaskGraph (2 nodes) — semantic progress absent, giving up early (Tier3 T4)
✗ Done (17 steps)
任务失败——详见上方错误信息，调整后重试
  📄 执行报告: /tmp/.hearth/reports/7147034d-4ac1-4a65-bc3a-962b0b163ab9/run-001.md
✗   ✗ Task failed — status=failed（17 步）——报告含已完成/剩余工作，可直接下指令继续
  📊 tokens: ↑21703 ↓522 (calls=4)
