🔒 landlock+seccomp (fail-closed)  (session c76b4ad2)
  🤖 非交互模式（stdin 非 tty）——破坏性操作触发审批时将立即结构化拒绝（approval_denied_noninteractive）

> 用 write_file 工具创建文件 /tmp/w8_regress_ok.txt，内容一行 W8_PRODUCT_OK，然后报告创建结果

  🎯 任务目标已锚定（original_goal 持久化）
◆ Init
  ▸ span [plan] 2026-08-29T15:19:58.058788124+00:00
◆ Plan
┌─ 🗺 规划草案（steps=2 gaps=0 待问=0 自动假设=0）
   · 用 write_file 工具创建 /tmp/w8_regress_ok.txt，内容一行 W8_PRODUCT_OK [Pending]
   · 确认文件创建成功并报告结果 [Pending]
└─
  ◂ span 耗时 5305ms
💭 [plan] 正在规划任务分解

⚙ write_file → path: /tmp/w8_regress_ok.txt
  ▸ span [act] 2026-08-29T15:20:03.364683080+00:00
◆ Act
  ◂ span 耗时 2ms
💭 [act] 正在执行工具调用
  ✓ wrote 13 bytes to /tmp/w8_regress_ok.txt
📄 产物 file: /tmp/w8_regress_ok.txt（+1 行）
  ▸ span [observe] 2026-08-29T15:20:03.366780580+00:00
◆ Observe
  ◂ span 耗时 0ms
💭 [observe] 正在观察结果
  ▸ span [reflect] 2026-08-29T15:20:03.366829080+00:00
◆ Reflect
  continue
  ◂ span 耗时 1429ms
💭 [reflect] 正在反思进度
  ▸ span [plan] 2026-08-29T15:20:04.796333692+00:00
◆ Plan
  ◂ span 耗时 1358ms
💭 [plan] 正在规划任务分解

⚙ bash → cmd: cat /tmp/w8_regress_ok.txt

⚙ read → path: /tmp/w8_regress_ok.txt
  ▸ span [act] 2026-08-29T15:20:06.154346587+00:00
◆ Act
  ◂ span 耗时 14ms
💭 [act] 正在执行工具调用
  ✓ "W8_PRODUCT_OK"
  ✓ "W8_PRODUCT_OK"
  ▸ span [observe] 2026-08-29T15:20:06.169407490+00:00
◆ Observe
  ◂ span 耗时 0ms
💭 [observe] 正在观察结果
  ▸ span [reflect] 2026-08-29T15:20:06.169471090+00:00
◆ Reflect
[2m2026-08-29T15:20:09.473898Z[0m [33m WARN[0m [2magent_core::r#loop[0m[2m:[0m Giving up after 4 steps, 0 errors
[2m2026-08-29T15:20:15.771654Z[0m [33m WARN[0m [2magent_core::r#loop[0m[2m:[0m Replanning (#1): 1 steps without progress
  replan
  ◂ span 耗时 9603ms
💭 [reflect] 正在反思进度
  ▸ span [plan] 2026-08-29T15:20:15.772729582+00:00
◆ Plan
[2m2026-08-29T15:20:17.788973Z[0m [33m WARN[0m [2magent_core::r#loop[0m[2m:[0m T4 semantic stall: replan produced identical TaskGraph — counting [3mstall_count[0m[2m=[0m1 [3mnodes[0m[2m=[0m2
┌─ 🗺 规划草案（steps=2 gaps=0 待问=0 自动假设=0）
   · 用 write_file 工具创建 /tmp/w8_regress_ok.txt，内容一行 W8_PRODUCT_OK [Pending]
   · 确认文件创建成功并报告结果 [Pending]
└─
  ◂ span 耗时 3162ms
💭 [plan] 正在规划任务分解
创建成功。

- 文件路径: `/tmp/w8_regress_ok.txt`
- 文件内容: `W8_PRODUCT_OK`
- 文件大小: 13 bytes（包含换行符）
- 验证方式: `read()` 和 `cat` 均确认内容一致✓ Done (10 steps)
  📄 执行报告: /tmp/.hearth/reports/c76b4ad2-a6ca-44ae-a9e8-7f2cddffd660/run-001.md
  ✓ Task completed（10 步）——目标达成，产物见报告
  📊 tokens: ↑8987 ↓176 (calls=3)
